0,CONTROLPATH.NEXT.NZCV,0
0,CONTROLPATH.PCV,0
0,DATAPATH.REGFILE.R0,0
0,DATAPATH.REGFILE.R1,0
0,DATAPATH.REGFILE.R2,0
0,DATAPATH.REGFILE.R3,0
0,DATAPATH.REGFILE.R4,0
0,DATAPATH.REGFILE.R5,0
0,DATAPATH.REGFILE.R6,0
0,DATAPATH.REGFILE.R7,0
0,CONTROLPATH.FFC,0
0,CONTROLPATH.FFN,0
0,CONTROLPATH.FFV,0
0,CONTROLPATH.FFZ,0
0,CONTROLPATH.PC,0
0,DATAPATH.EXTEND.FF1,0
0,DATAPATH.EXTEND.REG1,0
0,DATAPATH.REGFILE.REG0,0
0,DATAPATH.REGFILE.REG1,0
0,DATAPATH.REGFILE.REG2,0
0,DATAPATH.REGFILE.REG3,0
0,DATAPATH.REGFILE.REG4,0
0,DATAPATH.REGFILE.REG5,0
0,DATAPATH.REGFILE.REG6,0
0,DATAPATH.REGFILE.REG7,0
1,CONTROLPATH.NEXT.NZCV,0
1,CONTROLPATH.PCV,1
1,DATAPATH.REGFILE.R0,1
1,DATAPATH.REGFILE.R1,0
1,DATAPATH.REGFILE.R2,0
1,DATAPATH.REGFILE.R3,0
1,DATAPATH.REGFILE.R4,0
1,DATAPATH.REGFILE.R5,0
1,DATAPATH.REGFILE.R6,0
1,DATAPATH.REGFILE.R7,0
1,CONTROLPATH.FFC,0
1,CONTROLPATH.FFN,0
1,CONTROLPATH.FFV,0
1,CONTROLPATH.FFZ,0
1,CONTROLPATH.PC,1
1,DATAPATH.EXTEND.FF1,0
1,DATAPATH.EXTEND.REG1,1
1,DATAPATH.REGFILE.REG0,1
1,DATAPATH.REGFILE.REG1,0
1,DATAPATH.REGFILE.REG2,0
1,DATAPATH.REGFILE.REG3,0
1,DATAPATH.REGFILE.REG4,0
1,DATAPATH.REGFILE.REG5,0
1,DATAPATH.REGFILE.REG6,0
1,DATAPATH.REGFILE.REG7,0
2,CONTROLPATH.NEXT.NZCV,8
2,CONTROLPATH.PCV,2
2,DATAPATH.REGFILE.R0,1
2,DATAPATH.REGFILE.R1,0
2,DATAPATH.REGFILE.R2,0
2,DATAPATH.REGFILE.R3,0
2,DATAPATH.REGFILE.R4,0
2,DATAPATH.REGFILE.R5,0
2,DATAPATH.REGFILE.R6,0
2,DATAPATH.REGFILE.R7,0
2,CONTROLPATH.FFC,0
2,CONTROLPATH.FFN,1
2,CONTROLPATH.FFV,0
2,CONTROLPATH.FFZ,0
2,CONTROLPATH.PC,2
2,DATAPATH.EXTEND.FF1,0
2,DATAPATH.EXTEND.REG1,100
2,DATAPATH.REGFILE.REG0,1
2,DATAPATH.REGFILE.REG1,0
2,DATAPATH.REGFILE.REG2,0
2,DATAPATH.REGFILE.REG3,0
2,DATAPATH.REGFILE.REG4,0
2,DATAPATH.REGFILE.REG5,0
2,DATAPATH.REGFILE.REG6,0
2,DATAPATH.REGFILE.REG7,0
3,CONTROLPATH.NEXT.NZCV,8
3,CONTROLPATH.PCV,0
3,DATAPATH.REGFILE.R0,1
3,DATAPATH.REGFILE.R1,0
3,DATAPATH.REGFILE.R2,0
3,DATAPATH.REGFILE.R3,0
3,DATAPATH.REGFILE.R4,0
3,DATAPATH.REGFILE.R5,0
3,DATAPATH.REGFILE.R6,0
3,DATAPATH.REGFILE.R7,0
3,CONTROLPATH.FFC,0
3,CONTROLPATH.FFN,1
3,CONTROLPATH.FFV,0
3,CONTROLPATH.FFZ,0
3,CONTROLPATH.PC,0
3,DATAPATH.EXTEND.FF1,0
3,DATAPATH.EXTEND.REG1,254
3,DATAPATH.REGFILE.REG0,1
3,DATAPATH.REGFILE.REG1,0
3,DATAPATH.REGFILE.REG2,0
3,DATAPATH.REGFILE.REG3,0
3,DATAPATH.REGFILE.REG4,0
3,DATAPATH.REGFILE.REG5,0
3,DATAPATH.REGFILE.REG6,0
3,DATAPATH.REGFILE.REG7,0
4,CONTROLPATH.NEXT.NZCV,0
4,CONTROLPATH.PCV,1
4,DATAPATH.REGFILE.R0,2
4,DATAPATH.REGFILE.R1,0
4,DATAPATH.REGFILE.R2,0
4,DATAPATH.REGFILE.R3,0
4,DATAPATH.REGFILE.R4,0
4,DATAPATH.REGFILE.R5,0
4,DATAPATH.REGFILE.R6,0
4,DATAPATH.REGFILE.R7,0
4,CONTROLPATH.FFC,0
4,CONTROLPATH.FFN,0
4,CONTROLPATH.FFV,0
4,CONTROLPATH.FFZ,0
4,CONTROLPATH.PC,1
4,DATAPATH.EXTEND.FF1,0
4,DATAPATH.EXTEND.REG1,1
4,DATAPATH.REGFILE.REG0,2
4,DATAPATH.REGFILE.REG1,0
4,DATAPATH.REGFILE.REG2,0
4,DATAPATH.REGFILE.REG3,0
4,DATAPATH.REGFILE.REG4,0
4,DATAPATH.REGFILE.REG5,0
4,DATAPATH.REGFILE.REG6,0
4,DATAPATH.REGFILE.REG7,0
5,CONTROLPATH.NEXT.NZCV,8
5,CONTROLPATH.PCV,2
5,DATAPATH.REGFILE.R0,2
5,DATAPATH.REGFILE.R1,0
5,DATAPATH.REGFILE.R2,0
5,DATAPATH.REGFILE.R3,0
5,DATAPATH.REGFILE.R4,0
5,DATAPATH.REGFILE.R5,0
5,DATAPATH.REGFILE.R6,0
5,DATAPATH.REGFILE.R7,0
5,CONTROLPATH.FFC,0
5,CONTROLPATH.FFN,1
5,CONTROLPATH.FFV,0
5,CONTROLPATH.FFZ,0
5,CONTROLPATH.PC,2
5,DATAPATH.EXTEND.FF1,0
5,DATAPATH.EXTEND.REG1,100
5,DATAPATH.REGFILE.REG0,2
5,DATAPATH.REGFILE.REG1,0
5,DATAPATH.REGFILE.REG2,0
5,DATAPATH.REGFILE.REG3,0
5,DATAPATH.REGFILE.REG4,0
5,DATAPATH.REGFILE.REG5,0
5,DATAPATH.REGFILE.REG6,0
5,DATAPATH.REGFILE.REG7,0
6,CONTROLPATH.NEXT.NZCV,8
6,CONTROLPATH.PCV,0
6,DATAPATH.REGFILE.R0,2
6,DATAPATH.REGFILE.R1,0
6,DATAPATH.REGFILE.R2,0
6,DATAPATH.REGFILE.R3,0
6,DATAPATH.REGFILE.R4,0
6,DATAPATH.REGFILE.R5,0
6,DATAPATH.REGFILE.R6,0
6,DATAPATH.REGFILE.R7,0
6,CONTROLPATH.FFC,0
6,CONTROLPATH.FFN,1
6,CONTROLPATH.FFV,0
6,CONTROLPATH.FFZ,0
6,CONTROLPATH.PC,0
6,DATAPATH.EXTEND.FF1,0
6,DATAPATH.EXTEND.REG1,254
6,DATAPATH.REGFILE.REG0,2
6,DATAPATH.REGFILE.REG1,0
6,DATAPATH.REGFILE.REG2,0
6,DATAPATH.REGFILE.REG3,0
6,DATAPATH.REGFILE.REG4,0
6,DATAPATH.REGFILE.REG5,0
6,DATAPATH.REGFILE.REG6,0
6,DATAPATH.REGFILE.REG7,0
7,CONTROLPATH.NEXT.NZCV,0
7,CONTROLPATH.PCV,1
7,DATAPATH.REGFILE.R0,3
7,DATAPATH.REGFILE.R1,0
7,DATAPATH.REGFILE.R2,0
7,DATAPATH.REGFILE.R3,0
7,DATAPATH.REGFILE.R4,0
7,DATAPATH.REGFILE.R5,0
7,DATAPATH.REGFILE.R6,0
7,DATAPATH.REGFILE.R7,0
7,CONTROLPATH.FFC,0
7,CONTROLPATH.FFN,0
7,CONTROLPATH.FFV,0
7,CONTROLPATH.FFZ,0
7,CONTROLPATH.PC,1
7,DATAPATH.EXTEND.FF1,0
7,DATAPATH.EXTEND.REG1,1
7,DATAPATH.REGFILE.REG0,3
7,DATAPATH.REGFILE.REG1,0
7,DATAPATH.REGFILE.REG2,0
7,DATAPATH.REGFILE.REG3,0
7,DATAPATH.REGFILE.REG4,0
7,DATAPATH.REGFILE.REG5,0
7,DATAPATH.REGFILE.REG6,0
7,DATAPATH.REGFILE.REG7,0
8,CONTROLPATH.NEXT.NZCV,8
8,CONTROLPATH.PCV,2
8,DATAPATH.REGFILE.R0,3
8,DATAPATH.REGFILE.R1,0
8,DATAPATH.REGFILE.R2,0
8,DATAPATH.REGFILE.R3,0
8,DATAPATH.REGFILE.R4,0
8,DATAPATH.REGFILE.R5,0
8,DATAPATH.REGFILE.R6,0
8,DATAPATH.REGFILE.R7,0
8,CONTROLPATH.FFC,0
8,CONTROLPATH.FFN,1
8,CONTROLPATH.FFV,0
8,CONTROLPATH.FFZ,0
8,CONTROLPATH.PC,2
8,DATAPATH.EXTEND.FF1,0
8,DATAPATH.EXTEND.REG1,100
8,DATAPATH.REGFILE.REG0,3
8,DATAPATH.REGFILE.REG1,0
8,DATAPATH.REGFILE.REG2,0
8,DATAPATH.REGFILE.REG3,0
8,DATAPATH.REGFILE.REG4,0
8,DATAPATH.REGFILE.REG5,0
8,DATAPATH.REGFILE.REG6,0
8,DATAPATH.REGFILE.REG7,0
9,CONTROLPATH.NEXT.NZCV,8
9,CONTROLPATH.PCV,0
9,DATAPATH.REGFILE.R0,3
9,DATAPATH.REGFILE.R1,0
9,DATAPATH.REGFILE.R2,0
9,DATAPATH.REGFILE.R3,0
9,DATAPATH.REGFILE.R4,0
9,DATAPATH.REGFILE.R5,0
9,DATAPATH.REGFILE.R6,0
9,DATAPATH.REGFILE.R7,0
9,CONTROLPATH.FFC,0
9,CONTROLPATH.FFN,1
9,CONTROLPATH.FFV,0
9,CONTROLPATH.FFZ,0
9,CONTROLPATH.PC,0
9,DATAPATH.EXTEND.FF1,0
9,DATAPATH.EXTEND.REG1,254
9,DATAPATH.REGFILE.REG0,3
9,DATAPATH.REGFILE.REG1,0
9,DATAPATH.REGFILE.REG2,0
9,DATAPATH.REGFILE.REG3,0
9,DATAPATH.REGFILE.REG4,0
9,DATAPATH.REGFILE.REG5,0
9,DATAPATH.REGFILE.REG6,0
9,DATAPATH.REGFILE.REG7,0
10,CONTROLPATH.NEXT.NZCV,0
10,CONTROLPATH.PCV,1
10,DATAPATH.REGFILE.R0,4
10,DATAPATH.REGFILE.R1,0
10,DATAPATH.REGFILE.R2,0
10,DATAPATH.REGFILE.R3,0
10,DATAPATH.REGFILE.R4,0
10,DATAPATH.REGFILE.R5,0
10,DATAPATH.REGFILE.R6,0
10,DATAPATH.REGFILE.R7,0
10,CONTROLPATH.FFC,0
10,CONTROLPATH.FFN,0
10,CONTROLPATH.FFV,0
10,CONTROLPATH.FFZ,0
10,CONTROLPATH.PC,1
10,DATAPATH.EXTEND.FF1,0
10,DATAPATH.EXTEND.REG1,1
10,DATAPATH.REGFILE.REG0,4
10,DATAPATH.REGFILE.REG1,0
10,DATAPATH.REGFILE.REG2,0
10,DATAPATH.REGFILE.REG3,0
10,DATAPATH.REGFILE.REG4,0
10,DATAPATH.REGFILE.REG5,0
10,DATAPATH.REGFILE.REG6,0
10,DATAPATH.REGFILE.REG7,0
11,CONTROLPATH.NEXT.NZCV,8
11,CONTROLPATH.PCV,2
11,DATAPATH.REGFILE.R0,4
11,DATAPATH.REGFILE.R1,0
11,DATAPATH.REGFILE.R2,0
11,DATAPATH.REGFILE.R3,0
11,DATAPATH.REGFILE.R4,0
11,DATAPATH.REGFILE.R5,0
11,DATAPATH.REGFILE.R6,0
11,DATAPATH.REGFILE.R7,0
11,CONTROLPATH.FFC,0
11,CONTROLPATH.FFN,1
11,CONTROLPATH.FFV,0
11,CONTROLPATH.FFZ,0
11,CONTROLPATH.PC,2
11,DATAPATH.EXTEND.FF1,0
11,DATAPATH.EXTEND.REG1,100
11,DATAPATH.REGFILE.REG0,4
11,DATAPATH.REGFILE.REG1,0
11,DATAPATH.REGFILE.REG2,0
11,DATAPATH.REGFILE.REG3,0
11,DATAPATH.REGFILE.REG4,0
11,DATAPATH.REGFILE.REG5,0
11,DATAPATH.REGFILE.REG6,0
11,DATAPATH.REGFILE.REG7,0
12,CONTROLPATH.NEXT.NZCV,8
12,CONTROLPATH.PCV,0
12,DATAPATH.REGFILE.R0,4
12,DATAPATH.REGFILE.R1,0
12,DATAPATH.REGFILE.R2,0
12,DATAPATH.REGFILE.R3,0
12,DATAPATH.REGFILE.R4,0
12,DATAPATH.REGFILE.R5,0
12,DATAPATH.REGFILE.R6,0
12,DATAPATH.REGFILE.R7,0
12,CONTROLPATH.FFC,0
12,CONTROLPATH.FFN,1
12,CONTROLPATH.FFV,0
12,CONTROLPATH.FFZ,0
12,CONTROLPATH.PC,0
12,DATAPATH.EXTEND.FF1,0
12,DATAPATH.EXTEND.REG1,254
12,DATAPATH.REGFILE.REG0,4
12,DATAPATH.REGFILE.REG1,0
12,DATAPATH.REGFILE.REG2,0
12,DATAPATH.REGFILE.REG3,0
12,DATAPATH.REGFILE.REG4,0
12,DATAPATH.REGFILE.REG5,0
12,DATAPATH.REGFILE.REG6,0
12,DATAPATH.REGFILE.REG7,0
13,CONTROLPATH.NEXT.NZCV,0
13,CONTROLPATH.PCV,1
13,DATAPATH.REGFILE.R0,5
13,DATAPATH.REGFILE.R1,0
13,DATAPATH.REGFILE.R2,0
13,DATAPATH.REGFILE.R3,0
13,DATAPATH.REGFILE.R4,0
13,DATAPATH.REGFILE.R5,0
13,DATAPATH.REGFILE.R6,0
13,DATAPATH.REGFILE.R7,0
13,CONTROLPATH.FFC,0
13,CONTROLPATH.FFN,0
13,CONTROLPATH.FFV,0
13,CONTROLPATH.FFZ,0
13,CONTROLPATH.PC,1
13,DATAPATH.EXTEND.FF1,0
13,DATAPATH.EXTEND.REG1,1
13,DATAPATH.REGFILE.REG0,5
13,DATAPATH.REGFILE.REG1,0
13,DATAPATH.REGFILE.REG2,0
13,DATAPATH.REGFILE.REG3,0
13,DATAPATH.REGFILE.REG4,0
13,DATAPATH.REGFILE.REG5,0
13,DATAPATH.REGFILE.REG6,0
13,DATAPATH.REGFILE.REG7,0
14,CONTROLPATH.NEXT.NZCV,8
14,CONTROLPATH.PCV,2
14,DATAPATH.REGFILE.R0,5
14,DATAPATH.REGFILE.R1,0
14,DATAPATH.REGFILE.R2,0
14,DATAPATH.REGFILE.R3,0
14,DATAPATH.REGFILE.R4,0
14,DATAPATH.REGFILE.R5,0
14,DATAPATH.REGFILE.R6,0
14,DATAPATH.REGFILE.R7,0
14,CONTROLPATH.FFC,0
14,CONTROLPATH.FFN,1
14,CONTROLPATH.FFV,0
14,CONTROLPATH.FFZ,0
14,CONTROLPATH.PC,2
14,DATAPATH.EXTEND.FF1,0
14,DATAPATH.EXTEND.REG1,100
14,DATAPATH.REGFILE.REG0,5
14,DATAPATH.REGFILE.REG1,0
14,DATAPATH.REGFILE.REG2,0
14,DATAPATH.REGFILE.REG3,0
14,DATAPATH.REGFILE.REG4,0
14,DATAPATH.REGFILE.REG5,0
14,DATAPATH.REGFILE.REG6,0
14,DATAPATH.REGFILE.REG7,0
15,CONTROLPATH.NEXT.NZCV,8
15,CONTROLPATH.PCV,0
15,DATAPATH.REGFILE.R0,5
15,DATAPATH.REGFILE.R1,0
15,DATAPATH.REGFILE.R2,0
15,DATAPATH.REGFILE.R3,0
15,DATAPATH.REGFILE.R4,0
15,DATAPATH.REGFILE.R5,0
15,DATAPATH.REGFILE.R6,0
15,DATAPATH.REGFILE.R7,0
15,CONTROLPATH.FFC,0
15,CONTROLPATH.FFN,1
15,CONTROLPATH.FFV,0
15,CONTROLPATH.FFZ,0
15,CONTROLPATH.PC,0
15,DATAPATH.EXTEND.FF1,0
15,DATAPATH.EXTEND.REG1,254
15,DATAPATH.REGFILE.REG0,5
15,DATAPATH.REGFILE.REG1,0
15,DATAPATH.REGFILE.REG2,0
15,DATAPATH.REGFILE.REG3,0
15,DATAPATH.REGFILE.REG4,0
15,DATAPATH.REGFILE.REG5,0
15,DATAPATH.REGFILE.REG6,0
15,DATAPATH.REGFILE.REG7,0
16,CONTROLPATH.NEXT.NZCV,0
16,CONTROLPATH.PCV,1
16,DATAPATH.REGFILE.R0,6
16,DATAPATH.REGFILE.R1,0
16,DATAPATH.REGFILE.R2,0
16,DATAPATH.REGFILE.R3,0
16,DATAPATH.REGFILE.R4,0
16,DATAPATH.REGFILE.R5,0
16,DATAPATH.REGFILE.R6,0
16,DATAPATH.REGFILE.R7,0
16,CONTROLPATH.FFC,0
16,CONTROLPATH.FFN,0
16,CONTROLPATH.FFV,0
16,CONTROLPATH.FFZ,0
16,CONTROLPATH.PC,1
16,DATAPATH.EXTEND.FF1,0
16,DATAPATH.EXTEND.REG1,1
16,DATAPATH.REGFILE.REG0,6
16,DATAPATH.REGFILE.REG1,0
16,DATAPATH.REGFILE.REG2,0
16,DATAPATH.REGFILE.REG3,0
16,DATAPATH.REGFILE.REG4,0
16,DATAPATH.REGFILE.REG5,0
16,DATAPATH.REGFILE.REG6,0
16,DATAPATH.REGFILE.REG7,0
17,CONTROLPATH.NEXT.NZCV,8
17,CONTROLPATH.PCV,2
17,DATAPATH.REGFILE.R0,6
17,DATAPATH.REGFILE.R1,0
17,DATAPATH.REGFILE.R2,0
17,DATAPATH.REGFILE.R3,0
17,DATAPATH.REGFILE.R4,0
17,DATAPATH.REGFILE.R5,0
17,DATAPATH.REGFILE.R6,0
17,DATAPATH.REGFILE.R7,0
17,CONTROLPATH.FFC,0
17,CONTROLPATH.FFN,1
17,CONTROLPATH.FFV,0
17,CONTROLPATH.FFZ,0
17,CONTROLPATH.PC,2
17,DATAPATH.EXTEND.FF1,0
17,DATAPATH.EXTEND.REG1,100
17,DATAPATH.REGFILE.REG0,6
17,DATAPATH.REGFILE.REG1,0
17,DATAPATH.REGFILE.REG2,0
17,DATAPATH.REGFILE.REG3,0
17,DATAPATH.REGFILE.REG4,0
17,DATAPATH.REGFILE.REG5,0
17,DATAPATH.REGFILE.REG6,0
17,DATAPATH.REGFILE.REG7,0
18,CONTROLPATH.NEXT.NZCV,8
18,CONTROLPATH.PCV,0
18,DATAPATH.REGFILE.R0,6
18,DATAPATH.REGFILE.R1,0
18,DATAPATH.REGFILE.R2,0
18,DATAPATH.REGFILE.R3,0
18,DATAPATH.REGFILE.R4,0
18,DATAPATH.REGFILE.R5,0
18,DATAPATH.REGFILE.R6,0
18,DATAPATH.REGFILE.R7,0
18,CONTROLPATH.FFC,0
18,CONTROLPATH.FFN,1
18,CONTROLPATH.FFV,0
18,CONTROLPATH.FFZ,0
18,CONTROLPATH.PC,0
18,DATAPATH.EXTEND.FF1,0
18,DATAPATH.EXTEND.REG1,254
18,DATAPATH.REGFILE.REG0,6
18,DATAPATH.REGFILE.REG1,0
18,DATAPATH.REGFILE.REG2,0
18,DATAPATH.REGFILE.REG3,0
18,DATAPATH.REGFILE.REG4,0
18,DATAPATH.REGFILE.REG5,0
18,DATAPATH.REGFILE.REG6,0
18,DATAPATH.REGFILE.REG7,0
19,CONTROLPATH.NEXT.NZCV,0
19,CONTROLPATH.PCV,1
19,DATAPATH.REGFILE.R0,7
19,DATAPATH.REGFILE.R1,0
19,DATAPATH.REGFILE.R2,0
19,DATAPATH.REGFILE.R3,0
19,DATAPATH.REGFILE.R4,0
19,DATAPATH.REGFILE.R5,0
19,DATAPATH.REGFILE.R6,0
19,DATAPATH.REGFILE.R7,0
19,CONTROLPATH.FFC,0
19,CONTROLPATH.FFN,0
19,CONTROLPATH.FFV,0
19,CONTROLPATH.FFZ,0
19,CONTROLPATH.PC,1
19,DATAPATH.EXTEND.FF1,0
19,DATAPATH.EXTEND.REG1,1
19,DATAPATH.REGFILE.REG0,7
19,DATAPATH.REGFILE.REG1,0
19,DATAPATH.REGFILE.REG2,0
19,DATAPATH.REGFILE.REG3,0
19,DATAPATH.REGFILE.REG4,0
19,DATAPATH.REGFILE.REG5,0
19,DATAPATH.REGFILE.REG6,0
19,DATAPATH.REGFILE.REG7,0
20,CONTROLPATH.NEXT.NZCV,8
20,CONTROLPATH.PCV,2
20,DATAPATH.REGFILE.R0,7
20,DATAPATH.REGFILE.R1,0
20,DATAPATH.REGFILE.R2,0
20,DATAPATH.REGFILE.R3,0
20,DATAPATH.REGFILE.R4,0
20,DATAPATH.REGFILE.R5,0
20,DATAPATH.REGFILE.R6,0
20,DATAPATH.REGFILE.R7,0
20,CONTROLPATH.FFC,0
20,CONTROLPATH.FFN,1
20,CONTROLPATH.FFV,0
20,CONTROLPATH.FFZ,0
20,CONTROLPATH.PC,2
20,DATAPATH.EXTEND.FF1,0
20,DATAPATH.EXTEND.REG1,100
20,DATAPATH.REGFILE.REG0,7
20,DATAPATH.REGFILE.REG1,0
20,DATAPATH.REGFILE.REG2,0
20,DATAPATH.REGFILE.REG3,0
20,DATAPATH.REGFILE.REG4,0
20,DATAPATH.REGFILE.REG5,0
20,DATAPATH.REGFILE.REG6,0
20,DATAPATH.REGFILE.REG7,0
21,CONTROLPATH.NEXT.NZCV,8
21,CONTROLPATH.PCV,0
21,DATAPATH.REGFILE.R0,7
21,DATAPATH.REGFILE.R1,0
21,DATAPATH.REGFILE.R2,0
21,DATAPATH.REGFILE.R3,0
21,DATAPATH.REGFILE.R4,0
21,DATAPATH.REGFILE.R5,0
21,DATAPATH.REGFILE.R6,0
21,DATAPATH.REGFILE.R7,0
21,CONTROLPATH.FFC,0
21,CONTROLPATH.FFN,1
21,CONTROLPATH.FFV,0
21,CONTROLPATH.FFZ,0
21,CONTROLPATH.PC,0
21,DATAPATH.EXTEND.FF1,0
21,DATAPATH.EXTEND.REG1,254
21,DATAPATH.REGFILE.REG0,7
21,DATAPATH.REGFILE.REG1,0
21,DATAPATH.REGFILE.REG2,0
21,DATAPATH.REGFILE.REG3,0
21,DATAPATH.REGFILE.REG4,0
21,DATAPATH.REGFILE.REG5,0
21,DATAPATH.REGFILE.REG6,0
21,DATAPATH.REGFILE.REG7,0
22,CONTROLPATH.NEXT.NZCV,0
22,CONTROLPATH.PCV,1
22,DATAPATH.REGFILE.R0,8
22,DATAPATH.REGFILE.R1,0
22,DATAPATH.REGFILE.R2,0
22,DATAPATH.REGFILE.R3,0
22,DATAPATH.REGFILE.R4,0
22,DATAPATH.REGFILE.R5,0
22,DATAPATH.REGFILE.R6,0
22,DATAPATH.REGFILE.R7,0
22,CONTROLPATH.FFC,0
22,CONTROLPATH.FFN,0
22,CONTROLPATH.FFV,0
22,CONTROLPATH.FFZ,0
22,CONTROLPATH.PC,1
22,DATAPATH.EXTEND.FF1,0
22,DATAPATH.EXTEND.REG1,1
22,DATAPATH.REGFILE.REG0,8
22,DATAPATH.REGFILE.REG1,0
22,DATAPATH.REGFILE.REG2,0
22,DATAPATH.REGFILE.REG3,0
22,DATAPATH.REGFILE.REG4,0
22,DATAPATH.REGFILE.REG5,0
22,DATAPATH.REGFILE.REG6,0
22,DATAPATH.REGFILE.REG7,0
23,CONTROLPATH.NEXT.NZCV,8
23,CONTROLPATH.PCV,2
23,DATAPATH.REGFILE.R0,8
23,DATAPATH.REGFILE.R1,0
23,DATAPATH.REGFILE.R2,0
23,DATAPATH.REGFILE.R3,0
23,DATAPATH.REGFILE.R4,0
23,DATAPATH.REGFILE.R5,0
23,DATAPATH.REGFILE.R6,0
23,DATAPATH.REGFILE.R7,0
23,CONTROLPATH.FFC,0
23,CONTROLPATH.FFN,1
23,CONTROLPATH.FFV,0
23,CONTROLPATH.FFZ,0
23,CONTROLPATH.PC,2
23,DATAPATH.EXTEND.FF1,0
23,DATAPATH.EXTEND.REG1,100
23,DATAPATH.REGFILE.REG0,8
23,DATAPATH.REGFILE.REG1,0
23,DATAPATH.REGFILE.REG2,0
23,DATAPATH.REGFILE.REG3,0
23,DATAPATH.REGFILE.REG4,0
23,DATAPATH.REGFILE.REG5,0
23,DATAPATH.REGFILE.REG6,0
23,DATAPATH.REGFILE.REG7,0
24,CONTROLPATH.NEXT.NZCV,8
24,CONTROLPATH.PCV,0
24,DATAPATH.REGFILE.R0,8
24,DATAPATH.REGFILE.R1,0
24,DATAPATH.REGFILE.R2,0
24,DATAPATH.REGFILE.R3,0
24,DATAPATH.REGFILE.R4,0
24,DATAPATH.REGFILE.R5,0
24,DATAPATH.REGFILE.R6,0
24,DATAPATH.REGFILE.R7,0
24,CONTROLPATH.FFC,0
24,CONTROLPATH.FFN,1
24,CONTROLPATH.FFV,0
24,CONTROLPATH.FFZ,0
24,CONTROLPATH.PC,0
24,DATAPATH.EXTEND.FF1,0
24,DATAPATH.EXTEND.REG1,254
24,DATAPATH.REGFILE.REG0,8
24,DATAPATH.REGFILE.REG1,0
24,DATAPATH.REGFILE.REG2,0
24,DATAPATH.REGFILE.REG3,0
24,DATAPATH.REGFILE.REG4,0
24,DATAPATH.REGFILE.REG5,0
24,DATAPATH.REGFILE.REG6,0
24,DATAPATH.REGFILE.REG7,0
25,CONTROLPATH.NEXT.NZCV,0
25,CONTROLPATH.PCV,1
25,DATAPATH.REGFILE.R0,9
25,DATAPATH.REGFILE.R1,0
25,DATAPATH.REGFILE.R2,0
25,DATAPATH.REGFILE.R3,0
25,DATAPATH.REGFILE.R4,0
25,DATAPATH.REGFILE.R5,0
25,DATAPATH.REGFILE.R6,0
25,DATAPATH.REGFILE.R7,0
25,CONTROLPATH.FFC,0
25,CONTROLPATH.FFN,0
25,CONTROLPATH.FFV,0
25,CONTROLPATH.FFZ,0
25,CONTROLPATH.PC,1
25,DATAPATH.EXTEND.FF1,0
25,DATAPATH.EXTEND.REG1,1
25,DATAPATH.REGFILE.REG0,9
25,DATAPATH.REGFILE.REG1,0
25,DATAPATH.REGFILE.REG2,0
25,DATAPATH.REGFILE.REG3,0
25,DATAPATH.REGFILE.REG4,0
25,DATAPATH.REGFILE.REG5,0
25,DATAPATH.REGFILE.REG6,0
25,DATAPATH.REGFILE.REG7,0
26,CONTROLPATH.NEXT.NZCV,8
26,CONTROLPATH.PCV,2
26,DATAPATH.REGFILE.R0,9
26,DATAPATH.REGFILE.R1,0
26,DATAPATH.REGFILE.R2,0
26,DATAPATH.REGFILE.R3,0
26,DATAPATH.REGFILE.R4,0
26,DATAPATH.REGFILE.R5,0
26,DATAPATH.REGFILE.R6,0
26,DATAPATH.REGFILE.R7,0
26,CONTROLPATH.FFC,0
26,CONTROLPATH.FFN,1
26,CONTROLPATH.FFV,0
26,CONTROLPATH.FFZ,0
26,CONTROLPATH.PC,2
26,DATAPATH.EXTEND.FF1,0
26,DATAPATH.EXTEND.REG1,100
26,DATAPATH.REGFILE.REG0,9
26,DATAPATH.REGFILE.REG1,0
26,DATAPATH.REGFILE.REG2,0
26,DATAPATH.REGFILE.REG3,0
26,DATAPATH.REGFILE.REG4,0
26,DATAPATH.REGFILE.REG5,0
26,DATAPATH.REGFILE.REG6,0
26,DATAPATH.REGFILE.REG7,0
27,CONTROLPATH.NEXT.NZCV,8
27,CONTROLPATH.PCV,0
27,DATAPATH.REGFILE.R0,9
27,DATAPATH.REGFILE.R1,0
27,DATAPATH.REGFILE.R2,0
27,DATAPATH.REGFILE.R3,0
27,DATAPATH.REGFILE.R4,0
27,DATAPATH.REGFILE.R5,0
27,DATAPATH.REGFILE.R6,0
27,DATAPATH.REGFILE.R7,0
27,CONTROLPATH.FFC,0
27,CONTROLPATH.FFN,1
27,CONTROLPATH.FFV,0
27,CONTROLPATH.FFZ,0
27,CONTROLPATH.PC,0
27,DATAPATH.EXTEND.FF1,0
27,DATAPATH.EXTEND.REG1,254
27,DATAPATH.REGFILE.REG0,9
27,DATAPATH.REGFILE.REG1,0
27,DATAPATH.REGFILE.REG2,0
27,DATAPATH.REGFILE.REG3,0
27,DATAPATH.REGFILE.REG4,0
27,DATAPATH.REGFILE.REG5,0
27,DATAPATH.REGFILE.REG6,0
27,DATAPATH.REGFILE.REG7,0
28,CONTROLPATH.NEXT.NZCV,0
28,CONTROLPATH.PCV,1
28,DATAPATH.REGFILE.R0,10
28,DATAPATH.REGFILE.R1,0
28,DATAPATH.REGFILE.R2,0
28,DATAPATH.REGFILE.R3,0
28,DATAPATH.REGFILE.R4,0
28,DATAPATH.REGFILE.R5,0
28,DATAPATH.REGFILE.R6,0
28,DATAPATH.REGFILE.R7,0
28,CONTROLPATH.FFC,0
28,CONTROLPATH.FFN,0
28,CONTROLPATH.FFV,0
28,CONTROLPATH.FFZ,0
28,CONTROLPATH.PC,1
28,DATAPATH.EXTEND.FF1,0
28,DATAPATH.EXTEND.REG1,1
28,DATAPATH.REGFILE.REG0,10
28,DATAPATH.REGFILE.REG1,0
28,DATAPATH.REGFILE.REG2,0
28,DATAPATH.REGFILE.REG3,0
28,DATAPATH.REGFILE.REG4,0
28,DATAPATH.REGFILE.REG5,0
28,DATAPATH.REGFILE.REG6,0
28,DATAPATH.REGFILE.REG7,0
29,CONTROLPATH.NEXT.NZCV,8
29,CONTROLPATH.PCV,2
29,DATAPATH.REGFILE.R0,10
29,DATAPATH.REGFILE.R1,0
29,DATAPATH.REGFILE.R2,0
29,DATAPATH.REGFILE.R3,0
29,DATAPATH.REGFILE.R4,0
29,DATAPATH.REGFILE.R5,0
29,DATAPATH.REGFILE.R6,0
29,DATAPATH.REGFILE.R7,0
29,CONTROLPATH.FFC,0
29,CONTROLPATH.FFN,1
29,CONTROLPATH.FFV,0
29,CONTROLPATH.FFZ,0
29,CONTROLPATH.PC,2
29,DATAPATH.EXTEND.FF1,0
29,DATAPATH.EXTEND.REG1,100
29,DATAPATH.REGFILE.REG0,10
29,DATAPATH.REGFILE.REG1,0
29,DATAPATH.REGFILE.REG2,0
29,DATAPATH.REGFILE.REG3,0
29,DATAPATH.REGFILE.REG4,0
29,DATAPATH.REGFILE.REG5,0
29,DATAPATH.REGFILE.REG6,0
29,DATAPATH.REGFILE.REG7,0
30,CONTROLPATH.NEXT.NZCV,8
30,CONTROLPATH.PCV,0
30,DATAPATH.REGFILE.R0,10
30,DATAPATH.REGFILE.R1,0
30,DATAPATH.REGFILE.R2,0
30,DATAPATH.REGFILE.R3,0
30,DATAPATH.REGFILE.R4,0
30,DATAPATH.REGFILE.R5,0
30,DATAPATH.REGFILE.R6,0
30,DATAPATH.REGFILE.R7,0
30,CONTROLPATH.FFC,0
30,CONTROLPATH.FFN,1
30,CONTROLPATH.FFV,0
30,CONTROLPATH.FFZ,0
30,CONTROLPATH.PC,0
30,DATAPATH.EXTEND.FF1,0
30,DATAPATH.EXTEND.REG1,254
30,DATAPATH.REGFILE.REG0,10
30,DATAPATH.REGFILE.REG1,0
30,DATAPATH.REGFILE.REG2,0
30,DATAPATH.REGFILE.REG3,0
30,DATAPATH.REGFILE.REG4,0
30,DATAPATH.REGFILE.REG5,0
30,DATAPATH.REGFILE.REG6,0
30,DATAPATH.REGFILE.REG7,0
31,CONTROLPATH.NEXT.NZCV,0
31,CONTROLPATH.PCV,1
31,DATAPATH.REGFILE.R0,11
31,DATAPATH.REGFILE.R1,0
31,DATAPATH.REGFILE.R2,0
31,DATAPATH.REGFILE.R3,0
31,DATAPATH.REGFILE.R4,0
31,DATAPATH.REGFILE.R5,0
31,DATAPATH.REGFILE.R6,0
31,DATAPATH.REGFILE.R7,0
31,CONTROLPATH.FFC,0
31,CONTROLPATH.FFN,0
31,CONTROLPATH.FFV,0
31,CONTROLPATH.FFZ,0
31,CONTROLPATH.PC,1
31,DATAPATH.EXTEND.FF1,0
31,DATAPATH.EXTEND.REG1,1
31,DATAPATH.REGFILE.REG0,11
31,DATAPATH.REGFILE.REG1,0
31,DATAPATH.REGFILE.REG2,0
31,DATAPATH.REGFILE.REG3,0
31,DATAPATH.REGFILE.REG4,0
31,DATAPATH.REGFILE.REG5,0
31,DATAPATH.REGFILE.REG6,0
31,DATAPATH.REGFILE.REG7,0
32,CONTROLPATH.NEXT.NZCV,8
32,CONTROLPATH.PCV,2
32,DATAPATH.REGFILE.R0,11
32,DATAPATH.REGFILE.R1,0
32,DATAPATH.REGFILE.R2,0
32,DATAPATH.REGFILE.R3,0
32,DATAPATH.REGFILE.R4,0
32,DATAPATH.REGFILE.R5,0
32,DATAPATH.REGFILE.R6,0
32,DATAPATH.REGFILE.R7,0
32,CONTROLPATH.FFC,0
32,CONTROLPATH.FFN,1
32,CONTROLPATH.FFV,0
32,CONTROLPATH.FFZ,0
32,CONTROLPATH.PC,2
32,DATAPATH.EXTEND.FF1,0
32,DATAPATH.EXTEND.REG1,100
32,DATAPATH.REGFILE.REG0,11
32,DATAPATH.REGFILE.REG1,0
32,DATAPATH.REGFILE.REG2,0
32,DATAPATH.REGFILE.REG3,0
32,DATAPATH.REGFILE.REG4,0
32,DATAPATH.REGFILE.REG5,0
32,DATAPATH.REGFILE.REG6,0
32,DATAPATH.REGFILE.REG7,0
33,CONTROLPATH.NEXT.NZCV,8
33,CONTROLPATH.PCV,0
33,DATAPATH.REGFILE.R0,11
33,DATAPATH.REGFILE.R1,0
33,DATAPATH.REGFILE.R2,0
33,DATAPATH.REGFILE.R3,0
33,DATAPATH.REGFILE.R4,0
33,DATAPATH.REGFILE.R5,0
33,DATAPATH.REGFILE.R6,0
33,DATAPATH.REGFILE.R7,0
33,CONTROLPATH.FFC,0
33,CONTROLPATH.FFN,1
33,CONTROLPATH.FFV,0
33,CONTROLPATH.FFZ,0
33,CONTROLPATH.PC,0
33,DATAPATH.EXTEND.FF1,0
33,DATAPATH.EXTEND.REG1,254
33,DATAPATH.REGFILE.REG0,11
33,DATAPATH.REGFILE.REG1,0
33,DATAPATH.REGFILE.REG2,0
33,DATAPATH.REGFILE.REG3,0
33,DATAPATH.REGFILE.REG4,0
33,DATAPATH.REGFILE.REG5,0
33,DATAPATH.REGFILE.REG6,0
33,DATAPATH.REGFILE.REG7,0
34,CONTROLPATH.NEXT.NZCV,0
34,CONTROLPATH.PCV,1
34,DATAPATH.REGFILE.R0,12
34,DATAPATH.REGFILE.R1,0
34,DATAPATH.REGFILE.R2,0
34,DATAPATH.REGFILE.R3,0
34,DATAPATH.REGFILE.R4,0
34,DATAPATH.REGFILE.R5,0
34,DATAPATH.REGFILE.R6,0
34,DATAPATH.REGFILE.R7,0
34,CONTROLPATH.FFC,0
34,CONTROLPATH.FFN,0
34,CONTROLPATH.FFV,0
34,CONTROLPATH.FFZ,0
34,CONTROLPATH.PC,1
34,DATAPATH.EXTEND.FF1,0
34,DATAPATH.EXTEND.REG1,1
34,DATAPATH.REGFILE.REG0,12
34,DATAPATH.REGFILE.REG1,0
34,DATAPATH.REGFILE.REG2,0
34,DATAPATH.REGFILE.REG3,0
34,DATAPATH.REGFILE.REG4,0
34,DATAPATH.REGFILE.REG5,0
34,DATAPATH.REGFILE.REG6,0
34,DATAPATH.REGFILE.REG7,0
35,CONTROLPATH.NEXT.NZCV,8
35,CONTROLPATH.PCV,2
35,DATAPATH.REGFILE.R0,12
35,DATAPATH.REGFILE.R1,0
35,DATAPATH.REGFILE.R2,0
35,DATAPATH.REGFILE.R3,0
35,DATAPATH.REGFILE.R4,0
35,DATAPATH.REGFILE.R5,0
35,DATAPATH.REGFILE.R6,0
35,DATAPATH.REGFILE.R7,0
35,CONTROLPATH.FFC,0
35,CONTROLPATH.FFN,1
35,CONTROLPATH.FFV,0
35,CONTROLPATH.FFZ,0
35,CONTROLPATH.PC,2
35,DATAPATH.EXTEND.FF1,0
35,DATAPATH.EXTEND.REG1,100
35,DATAPATH.REGFILE.REG0,12
35,DATAPATH.REGFILE.REG1,0
35,DATAPATH.REGFILE.REG2,0
35,DATAPATH.REGFILE.REG3,0
35,DATAPATH.REGFILE.REG4,0
35,DATAPATH.REGFILE.REG5,0
35,DATAPATH.REGFILE.REG6,0
35,DATAPATH.REGFILE.REG7,0
36,CONTROLPATH.NEXT.NZCV,8
36,CONTROLPATH.PCV,0
36,DATAPATH.REGFILE.R0,12
36,DATAPATH.REGFILE.R1,0
36,DATAPATH.REGFILE.R2,0
36,DATAPATH.REGFILE.R3,0
36,DATAPATH.REGFILE.R4,0
36,DATAPATH.REGFILE.R5,0
36,DATAPATH.REGFILE.R6,0
36,DATAPATH.REGFILE.R7,0
36,CONTROLPATH.FFC,0
36,CONTROLPATH.FFN,1
36,CONTROLPATH.FFV,0
36,CONTROLPATH.FFZ,0
36,CONTROLPATH.PC,0
36,DATAPATH.EXTEND.FF1,0
36,DATAPATH.EXTEND.REG1,254
36,DATAPATH.REGFILE.REG0,12
36,DATAPATH.REGFILE.REG1,0
36,DATAPATH.REGFILE.REG2,0
36,DATAPATH.REGFILE.REG3,0
36,DATAPATH.REGFILE.REG4,0
36,DATAPATH.REGFILE.REG5,0
36,DATAPATH.REGFILE.REG6,0
36,DATAPATH.REGFILE.REG7,0
37,CONTROLPATH.NEXT.NZCV,0
37,CONTROLPATH.PCV,1
37,DATAPATH.REGFILE.R0,13
37,DATAPATH.REGFILE.R1,0
37,DATAPATH.REGFILE.R2,0
37,DATAPATH.REGFILE.R3,0
37,DATAPATH.REGFILE.R4,0
37,DATAPATH.REGFILE.R5,0
37,DATAPATH.REGFILE.R6,0
37,DATAPATH.REGFILE.R7,0
37,CONTROLPATH.FFC,0
37,CONTROLPATH.FFN,0
37,CONTROLPATH.FFV,0
37,CONTROLPATH.FFZ,0
37,CONTROLPATH.PC,1
37,DATAPATH.EXTEND.FF1,0
37,DATAPATH.EXTEND.REG1,1
37,DATAPATH.REGFILE.REG0,13
37,DATAPATH.REGFILE.REG1,0
37,DATAPATH.REGFILE.REG2,0
37,DATAPATH.REGFILE.REG3,0
37,DATAPATH.REGFILE.REG4,0
37,DATAPATH.REGFILE.REG5,0
37,DATAPATH.REGFILE.REG6,0
37,DATAPATH.REGFILE.REG7,0
38,CONTROLPATH.NEXT.NZCV,8
38,CONTROLPATH.PCV,2
38,DATAPATH.REGFILE.R0,13
38,DATAPATH.REGFILE.R1,0
38,DATAPATH.REGFILE.R2,0
38,DATAPATH.REGFILE.R3,0
38,DATAPATH.REGFILE.R4,0
38,DATAPATH.REGFILE.R5,0
38,DATAPATH.REGFILE.R6,0
38,DATAPATH.REGFILE.R7,0
38,CONTROLPATH.FFC,0
38,CONTROLPATH.FFN,1
38,CONTROLPATH.FFV,0
38,CONTROLPATH.FFZ,0
38,CONTROLPATH.PC,2
38,DATAPATH.EXTEND.FF1,0
38,DATAPATH.EXTEND.REG1,100
38,DATAPATH.REGFILE.REG0,13
38,DATAPATH.REGFILE.REG1,0
38,DATAPATH.REGFILE.REG2,0
38,DATAPATH.REGFILE.REG3,0
38,DATAPATH.REGFILE.REG4,0
38,DATAPATH.REGFILE.REG5,0
38,DATAPATH.REGFILE.REG6,0
38,DATAPATH.REGFILE.REG7,0
39,CONTROLPATH.NEXT.NZCV,8
39,CONTROLPATH.PCV,0
39,DATAPATH.REGFILE.R0,13
39,DATAPATH.REGFILE.R1,0
39,DATAPATH.REGFILE.R2,0
39,DATAPATH.REGFILE.R3,0
39,DATAPATH.REGFILE.R4,0
39,DATAPATH.REGFILE.R5,0
39,DATAPATH.REGFILE.R6,0
39,DATAPATH.REGFILE.R7,0
39,CONTROLPATH.FFC,0
39,CONTROLPATH.FFN,1
39,CONTROLPATH.FFV,0
39,CONTROLPATH.FFZ,0
39,CONTROLPATH.PC,0
39,DATAPATH.EXTEND.FF1,0
39,DATAPATH.EXTEND.REG1,254
39,DATAPATH.REGFILE.REG0,13
39,DATAPATH.REGFILE.REG1,0
39,DATAPATH.REGFILE.REG2,0
39,DATAPATH.REGFILE.REG3,0
39,DATAPATH.REGFILE.REG4,0
39,DATAPATH.REGFILE.REG5,0
39,DATAPATH.REGFILE.REG6,0
39,DATAPATH.REGFILE.REG7,0
40,CONTROLPATH.NEXT.NZCV,0
40,CONTROLPATH.PCV,1
40,DATAPATH.REGFILE.R0,14
40,DATAPATH.REGFILE.R1,0
40,DATAPATH.REGFILE.R2,0
40,DATAPATH.REGFILE.R3,0
40,DATAPATH.REGFILE.R4,0
40,DATAPATH.REGFILE.R5,0
40,DATAPATH.REGFILE.R6,0
40,DATAPATH.REGFILE.R7,0
40,CONTROLPATH.FFC,0
40,CONTROLPATH.FFN,0
40,CONTROLPATH.FFV,0
40,CONTROLPATH.FFZ,0
40,CONTROLPATH.PC,1
40,DATAPATH.EXTEND.FF1,0
40,DATAPATH.EXTEND.REG1,1
40,DATAPATH.REGFILE.REG0,14
40,DATAPATH.REGFILE.REG1,0
40,DATAPATH.REGFILE.REG2,0
40,DATAPATH.REGFILE.REG3,0
40,DATAPATH.REGFILE.REG4,0
40,DATAPATH.REGFILE.REG5,0
40,DATAPATH.REGFILE.REG6,0
40,DATAPATH.REGFILE.REG7,0
41,CONTROLPATH.NEXT.NZCV,8
41,CONTROLPATH.PCV,2
41,DATAPATH.REGFILE.R0,14
41,DATAPATH.REGFILE.R1,0
41,DATAPATH.REGFILE.R2,0
41,DATAPATH.REGFILE.R3,0
41,DATAPATH.REGFILE.R4,0
41,DATAPATH.REGFILE.R5,0
41,DATAPATH.REGFILE.R6,0
41,DATAPATH.REGFILE.R7,0
41,CONTROLPATH.FFC,0
41,CONTROLPATH.FFN,1
41,CONTROLPATH.FFV,0
41,CONTROLPATH.FFZ,0
41,CONTROLPATH.PC,2
41,DATAPATH.EXTEND.FF1,0
41,DATAPATH.EXTEND.REG1,100
41,DATAPATH.REGFILE.REG0,14
41,DATAPATH.REGFILE.REG1,0
41,DATAPATH.REGFILE.REG2,0
41,DATAPATH.REGFILE.REG3,0
41,DATAPATH.REGFILE.REG4,0
41,DATAPATH.REGFILE.REG5,0
41,DATAPATH.REGFILE.REG6,0
41,DATAPATH.REGFILE.REG7,0
42,CONTROLPATH.NEXT.NZCV,8
42,CONTROLPATH.PCV,0
42,DATAPATH.REGFILE.R0,14
42,DATAPATH.REGFILE.R1,0
42,DATAPATH.REGFILE.R2,0
42,DATAPATH.REGFILE.R3,0
42,DATAPATH.REGFILE.R4,0
42,DATAPATH.REGFILE.R5,0
42,DATAPATH.REGFILE.R6,0
42,DATAPATH.REGFILE.R7,0
42,CONTROLPATH.FFC,0
42,CONTROLPATH.FFN,1
42,CONTROLPATH.FFV,0
42,CONTROLPATH.FFZ,0
42,CONTROLPATH.PC,0
42,DATAPATH.EXTEND.FF1,0
42,DATAPATH.EXTEND.REG1,254
42,DATAPATH.REGFILE.REG0,14
42,DATAPATH.REGFILE.REG1,0
42,DATAPATH.REGFILE.REG2,0
42,DATAPATH.REGFILE.REG3,0
42,DATAPATH.REGFILE.REG4,0
42,DATAPATH.REGFILE.REG5,0
42,DATAPATH.REGFILE.REG6,0
42,DATAPATH.REGFILE.REG7,0
43,CONTROLPATH.NEXT.NZCV,0
43,CONTROLPATH.PCV,1
43,DATAPATH.REGFILE.R0,15
43,DATAPATH.REGFILE.R1,0
43,DATAPATH.REGFILE.R2,0
43,DATAPATH.REGFILE.R3,0
43,DATAPATH.REGFILE.R4,0
43,DATAPATH.REGFILE.R5,0
43,DATAPATH.REGFILE.R6,0
43,DATAPATH.REGFILE.R7,0
43,CONTROLPATH.FFC,0
43,CONTROLPATH.FFN,0
43,CONTROLPATH.FFV,0
43,CONTROLPATH.FFZ,0
43,CONTROLPATH.PC,1
43,DATAPATH.EXTEND.FF1,0
43,DATAPATH.EXTEND.REG1,1
43,DATAPATH.REGFILE.REG0,15
43,DATAPATH.REGFILE.REG1,0
43,DATAPATH.REGFILE.REG2,0
43,DATAPATH.REGFILE.REG3,0
43,DATAPATH.REGFILE.REG4,0
43,DATAPATH.REGFILE.REG5,0
43,DATAPATH.REGFILE.REG6,0
43,DATAPATH.REGFILE.REG7,0
44,CONTROLPATH.NEXT.NZCV,8
44,CONTROLPATH.PCV,2
44,DATAPATH.REGFILE.R0,15
44,DATAPATH.REGFILE.R1,0
44,DATAPATH.REGFILE.R2,0
44,DATAPATH.REGFILE.R3,0
44,DATAPATH.REGFILE.R4,0
44,DATAPATH.REGFILE.R5,0
44,DATAPATH.REGFILE.R6,0
44,DATAPATH.REGFILE.R7,0
44,CONTROLPATH.FFC,0
44,CONTROLPATH.FFN,1
44,CONTROLPATH.FFV,0
44,CONTROLPATH.FFZ,0
44,CONTROLPATH.PC,2
44,DATAPATH.EXTEND.FF1,0
44,DATAPATH.EXTEND.REG1,100
44,DATAPATH.REGFILE.REG0,15
44,DATAPATH.REGFILE.REG1,0
44,DATAPATH.REGFILE.REG2,0
44,DATAPATH.REGFILE.REG3,0
44,DATAPATH.REGFILE.REG4,0
44,DATAPATH.REGFILE.REG5,0
44,DATAPATH.REGFILE.REG6,0
44,DATAPATH.REGFILE.REG7,0
45,CONTROLPATH.NEXT.NZCV,8
45,CONTROLPATH.PCV,0
45,DATAPATH.REGFILE.R0,15
45,DATAPATH.REGFILE.R1,0
45,DATAPATH.REGFILE.R2,0
45,DATAPATH.REGFILE.R3,0
45,DATAPATH.REGFILE.R4,0
45,DATAPATH.REGFILE.R5,0
45,DATAPATH.REGFILE.R6,0
45,DATAPATH.REGFILE.R7,0
45,CONTROLPATH.FFC,0
45,CONTROLPATH.FFN,1
45,CONTROLPATH.FFV,0
45,CONTROLPATH.FFZ,0
45,CONTROLPATH.PC,0
45,DATAPATH.EXTEND.FF1,0
45,DATAPATH.EXTEND.REG1,254
45,DATAPATH.REGFILE.REG0,15
45,DATAPATH.REGFILE.REG1,0
45,DATAPATH.REGFILE.REG2,0
45,DATAPATH.REGFILE.REG3,0
45,DATAPATH.REGFILE.REG4,0
45,DATAPATH.REGFILE.REG5,0
45,DATAPATH.REGFILE.REG6,0
45,DATAPATH.REGFILE.REG7,0
46,CONTROLPATH.NEXT.NZCV,0
46,CONTROLPATH.PCV,1
46,DATAPATH.REGFILE.R0,16
46,DATAPATH.REGFILE.R1,0
46,DATAPATH.REGFILE.R2,0
46,DATAPATH.REGFILE.R3,0
46,DATAPATH.REGFILE.R4,0
46,DATAPATH.REGFILE.R5,0
46,DATAPATH.REGFILE.R6,0
46,DATAPATH.REGFILE.R7,0
46,CONTROLPATH.FFC,0
46,CONTROLPATH.FFN,0
46,CONTROLPATH.FFV,0
46,CONTROLPATH.FFZ,0
46,CONTROLPATH.PC,1
46,DATAPATH.EXTEND.FF1,0
46,DATAPATH.EXTEND.REG1,1
46,DATAPATH.REGFILE.REG0,16
46,DATAPATH.REGFILE.REG1,0
46,DATAPATH.REGFILE.REG2,0
46,DATAPATH.REGFILE.REG3,0
46,DATAPATH.REGFILE.REG4,0
46,DATAPATH.REGFILE.REG5,0
46,DATAPATH.REGFILE.REG6,0
46,DATAPATH.REGFILE.REG7,0
47,CONTROLPATH.NEXT.NZCV,8
47,CONTROLPATH.PCV,2
47,DATAPATH.REGFILE.R0,16
47,DATAPATH.REGFILE.R1,0
47,DATAPATH.REGFILE.R2,0
47,DATAPATH.REGFILE.R3,0
47,DATAPATH.REGFILE.R4,0
47,DATAPATH.REGFILE.R5,0
47,DATAPATH.REGFILE.R6,0
47,DATAPATH.REGFILE.R7,0
47,CONTROLPATH.FFC,0
47,CONTROLPATH.FFN,1
47,CONTROLPATH.FFV,0
47,CONTROLPATH.FFZ,0
47,CONTROLPATH.PC,2
47,DATAPATH.EXTEND.FF1,0
47,DATAPATH.EXTEND.REG1,100
47,DATAPATH.REGFILE.REG0,16
47,DATAPATH.REGFILE.REG1,0
47,DATAPATH.REGFILE.REG2,0
47,DATAPATH.REGFILE.REG3,0
47,DATAPATH.REGFILE.REG4,0
47,DATAPATH.REGFILE.REG5,0
47,DATAPATH.REGFILE.REG6,0
47,DATAPATH.REGFILE.REG7,0
48,CONTROLPATH.NEXT.NZCV,8
48,CONTROLPATH.PCV,0
48,DATAPATH.REGFILE.R0,16
48,DATAPATH.REGFILE.R1,0
48,DATAPATH.REGFILE.R2,0
48,DATAPATH.REGFILE.R3,0
48,DATAPATH.REGFILE.R4,0
48,DATAPATH.REGFILE.R5,0
48,DATAPATH.REGFILE.R6,0
48,DATAPATH.REGFILE.R7,0
48,CONTROLPATH.FFC,0
48,CONTROLPATH.FFN,1
48,CONTROLPATH.FFV,0
48,CONTROLPATH.FFZ,0
48,CONTROLPATH.PC,0
48,DATAPATH.EXTEND.FF1,0
48,DATAPATH.EXTEND.REG1,254
48,DATAPATH.REGFILE.REG0,16
48,DATAPATH.REGFILE.REG1,0
48,DATAPATH.REGFILE.REG2,0
48,DATAPATH.REGFILE.REG3,0
48,DATAPATH.REGFILE.REG4,0
48,DATAPATH.REGFILE.REG5,0
48,DATAPATH.REGFILE.REG6,0
48,DATAPATH.REGFILE.REG7,0
49,CONTROLPATH.NEXT.NZCV,0
49,CONTROLPATH.PCV,1
49,DATAPATH.REGFILE.R0,17
49,DATAPATH.REGFILE.R1,0
49,DATAPATH.REGFILE.R2,0
49,DATAPATH.REGFILE.R3,0
49,DATAPATH.REGFILE.R4,0
49,DATAPATH.REGFILE.R5,0
49,DATAPATH.REGFILE.R6,0
49,DATAPATH.REGFILE.R7,0
49,CONTROLPATH.FFC,0
49,CONTROLPATH.FFN,0
49,CONTROLPATH.FFV,0
49,CONTROLPATH.FFZ,0
49,CONTROLPATH.PC,1
49,DATAPATH.EXTEND.FF1,0
49,DATAPATH.EXTEND.REG1,1
49,DATAPATH.REGFILE.REG0,17
49,DATAPATH.REGFILE.REG1,0
49,DATAPATH.REGFILE.REG2,0
49,DATAPATH.REGFILE.REG3,0
49,DATAPATH.REGFILE.REG4,0
49,DATAPATH.REGFILE.REG5,0
49,DATAPATH.REGFILE.REG6,0
49,DATAPATH.REGFILE.REG7,0
ram,DATAMEM,
